\set ECHO none
-- You should write your tests
SELECT natural_compare('test10', 'test1'), natural_compare('test1', 'test10'), natural_compare('test1', 'test1');
 -1, 1, 0
--------------

(1 row)

ROLLBACK;
